C:\Users\SQ010W3\OneDrive - Volkswagen AG\Desktop\E2EAMS\E2EAMS\Application\LegacyX\backend\main.py:79: DeprecationWarning: 
        on_event is deprecated, use lifespan event handlers instead.

        Read more about it in the
        [FastAPI docs for Lifespan Events](https://fastapi.tiangolo.com/advanced/events/).
        
  @app.on_event("startup")
INFO:     Started server process [29340]
INFO:     Waiting for application startup.
ERROR:    Traceback (most recent call last):
  File "C:\Users\SQ010W3\OneDrive - Volkswagen AG\Desktop\E2EAMS\E2EAMS\Application\LegacyX\backend\venv\Lib\site-packages\starlette\routing.py", line 648, in lifespan
    async with self.lifespan_context(app) as maybe_state:
               ~~~~~~~~~~~~~~~~~~~~~^^^^^
  File "C:\Users\SQ010W3\OneDrive - Volkswagen AG\Desktop\E2EAMS\E2EAMS\Application\LegacyX\backend\venv\Lib\site-packages\fastapi\routing.py", line 265, in __aenter__
    await self._router._startup()
  File "C:\Users\SQ010W3\OneDrive - Volkswagen AG\Desktop\E2EAMS\E2EAMS\Application\LegacyX\backend\venv\Lib\site-packages\fastapi\routing.py", line 6375, in _startup
    await handler()
  File "C:\Users\SQ010W3\OneDrive - Volkswagen AG\Desktop\E2EAMS\E2EAMS\Application\LegacyX\backend\main.py", line 84, in startup_event
    print("\u2713 LegacyX Backend initialized")
    ~~~~~^^^^^^^^^^^^^^^^^^^^^^^^^^^^^^^^^
  File "C:\Program Files\Python314\Lib\encodings\cp1252.py", line 19, in encode
    return codecs.charmap_encode(input,self.errors,encoding_table)[0]
           ~~~~~~~~~~~~~~~~~~~~~^^^^^^^^^^^^^^^^^^^^^^^^^^^^^^^^^^
UnicodeEncodeError: 'charmap' codec can't encode character '\u2713' in position 0: character maps to <undefined>

ERROR:    Application startup failed. Exiting.
